// Jest Snapshot v1, https://goo.gl/fbAQLP

exports[`Parsing Failed parse fail-empty.json 1`] = `
"Failed to parse main manifest
required property \\"name\\"
└─ cannot decode undefined, should be string
required property \\"version\\"
└─ cannot decode undefined, should be string"
`;

exports[`Parsing Failed parse fail-version.json 1`] = `
"Failed to parse main manifest
required property \\"version\\"
└─ cannot decode \\"^a.b.c\\", should be version string"
`;

exports[`Parsing Successful parse manifest.json 1`] = `
Object {
  "description": "This is an example feature",
  "links": Object {
    "link1": "https://polypoly.coop",
    "link2": "https://polypoly.coop",
  },
  "name": "The Test Feature",
  "primaryColor": "#000000",
  "thumbnail": "assets/thumbnail.png",
  "translations": Object {
    "de": Object {
      "author": "polypoly - Die Genossenschaft",
      "description": "Haben Sie sich schon mal gefragt, welche Firmen welche Ihrer Daten sammeln, an Dritte weitergeben und vor allem was das für Sie heißt? Der polyExplorer zeigt Ihnen genau das und bringt Licht ins Daten-Dunkel.",
    },
  },
  "version": SemVer {
    "build": Array [],
    "includePrerelease": false,
    "loose": false,
    "major": 0,
    "minor": 0,
    "options": Object {},
    "patch": 1,
    "prerelease": Array [],
    "raw": "0.0.1",
    "version": "0.0.1",
  },
}
`;
